Eratosthenes II   primes: 21    space=pause  c=restart  q=quit           ==KT=M8
..##.#.#...#.#...#.#...#.....#.#.....#...#.#...#.....#.....#.#.....#...#.#....K|
===============================================================================|
:            ^v            ^v            ^v            ^v            ^v        |
:           ^  v          ^  v          ^  v          ^  v          ^  v       |
:          ^    v        ^    v        ^    v        ^    v        ^    v      |
:         ^      v      ^      v      ^      v      ^      v      ^      v     |
:        ^        v    ^        v    ^        v    ^        v    ^        v    |
:       ^          v  ^          v  ^          v  ^          v  ^          v  ^|
:      ^            v^            v^            v^            v^            v^ |
===============================================================================|
:        ^v        ^v        ^v        ^v        ^v        ^v        ^v        |
:       ^  v      ^  v      ^  v      ^  v      ^  v      ^  v      ^  v      ^|
:      ^    v    ^    v    ^    v    ^    v    ^    v    ^    v    ^    v    ^ |
:     ^      v  ^      v  ^      v  ^      v  ^      v  ^      v  ^      v  ^  |
:    ^        v^        v^        v^        v^        v^        v^        v^   |
===============================================================================|
:    ^v    ^v    ^v    ^v    ^v    ^v    ^v    ^v    ^v    ^v    ^v    ^v    ^v|
:   ^  v  ^  v  ^  v  ^  v  ^  v  ^  v  ^  v  ^  v  ^  v  ^  v  ^  v  ^  v  ^  |
:  ^    v^    v^    v^    v^    v^    v^    v^    v^    v^    v^    v^    v^   |
===============================================================================|
:  ^v  ^v  ^v  ^v  ^v  ^v  ^v  ^v  ^v  ^v  ^v  ^v  ^v  ^v  ^v  ^v  ^v  ^v  ^v  |
: ^  v^  v^  v^  v^  v^  v^  v^  v^  v^  v^  v^  v^  v^  v^  v^  v^  v^  v^  v^|
:==============================================================================|
