Score: 1 Steps: 23 57% Hex | q/w/e/a/s/d move | Q return | x resta ==oTXD8   0 1



                                    __ __
                                   /     \
                                  /   o   \__ __
                                  \       /     \
                              (X)  \__ __/   f   \
                                   /     \       /  ^
                                  /  _O_  \_____/   X|
                                  \   |   /     \
                               f   \__ __/   f   \
                                   /     \       /
                                  /   e   \_____/   e
                                  \       /  ^
                                   \__ __/   X|







