Score: 0 Steps: 15 50% Hex | q/w/e/a/s/d move | Q return | x resta ==oTeE8   0 1







                                    __ __    f
                                   /     \          ^
                                  /   f   \_____    X|
                                  \       /     \
                                   \__ __/  _O_  \
                                   /     \   |   /
                                  /   e   \_____/   e
                                  \       /  ^
                                   \__ __/   X|







