 Steps: 2 (0%) Moves: 0 Score: 0 | Menu                               ==QT~    c





                              M E N U .

                             | | Flowers
                             | | High Noon
                             | | Sokoban
                             |x| Tetris
                             | | Game of Life
                             | | Snake
                             | | Zen Garden
                             | | Maze for Two
                             | | Hex
                             | | Evolution
                             | | Primes
                             | |
                             | | Exit



