Score: 18 Steps: 409  Eratosthenes: divisors live in the rules   space=p ==BT_K8
  ##.#.#...#.#...#.#...#.....#.#.....#...#.#...#.....#.....#.#....x            |
  + - - - - - - - - - - - - - - - - - - - - - - - - - - - - - - - - W
   +  -  -  -  -  -  -  -  -  -  -  -  -  -  -  -  -  -  -  -  -  -  W

     +    -    -    -    -    -    -    -    -    -    -    -    -    W

       +      -      -      -      -      -      -      -      -      W



           +          -          -          -          -          -          W

             +            -            -            -            -            W
  _________________________________________________________________
  00000000000000000000000000000000000000000000000000000000000000000
  00000000111111111122222222223333333333444444444455555555556666666
  23456789012345678901234567890123456789012345678901234567890123456






