Sieve III   primes: 16    space=pause  c=restart  q=quit                 ==)T5N8
.  .##.#.#...#.#...#.#...#.....#.#.....#...#.#...#.....#
                                                     "054
                                                 [053-051
                                                 [047-039
                                                 [043-031
                                                 [041-027
                                                 [037-019
                                                 [031-007
                                                 [029-003
                                                 [023-014
                                                 [019-002
                                                 [017-013
                                                 [013-010
                                                 [011-000
                                                 [007-001
                                                [00)5-000
                                                [003-000
                                                [002-000




________________________________________________________________________________
