Score: 9 Steps: 3376 99% Fischer 1965: real time, three columns per numb ==NT.D8
oO0+'`#'`#'`-'`#'`-'`#'`-'`-'`-'`#'`-'`#'`-'`-'`-'`#'`-'`#'`-'`-'`-'`#'`-'`-'`-h
Q?>=X====BJG===MJG===MJGEFGMJG===MJG===MJGEFGMJG===MJG===MJGEFGMJG===MJGEFGMJGEH
Q..78"../.\vV.^..vV.^32,V.^..v;2(..vV.^32,;2(..v;2(..v;2(32,V.^..v;2(32,V.^32,;H
Q.....?>===X=A====BIG====A=MJG=A====MIGEFG=A=MJG=A=EFGMIG====A=MJGEDG===MIGEFG=H
Q.......789.\..../.\vV....^..vV....^32,V....^..v;21..^..vV..32(32,V....^32,V..3H
Q..........78"../...\.vV.^.....vV341....vV.^.321.vV.^....36)341....vV341...36).H
Q.............?>=====X==A=====BJGA========LJG======A==MJGEFGA=====MJGA==EFG===LH
Q...............789...\....../.\vV.......^..vV.......^32,V.......^..v;21.....^.H
Q..................789.\..../...\.vV....^.....vV...341....vV....^.321.vV....^..H
Q.....................78"../.....\..vV.^........<51^........vV.:21......vV.^..3H
Q........................?>=======X===A======BJG==A=========MJC===========AMJGEH
Q..........................789.....\......../.\vV..........^..vV..........^32,VH
Q.............................789...\....../...\.vV.......^.....vV......341....H
Q................................789.\..../.....\..vV....^........vV.321^......H
Q...................................78"../.......\...vV.^.........32,V.^.......H
Q......................................?>=========X====A=======BJG====A========H
Q........................................789.......\........../.\vV............H
Q...........................................789.....\......../...\.vV..........H
Q..............................................789...\....../.....\..vV.......^H
Q.................................................789.\..../.......\...vV....^.H
Q....................................................78"../.........\....vV.^..H
Q.......................................................?>===========X=====A===H
________________________________________________________________________________
