Umeo 8-state   primes: 21    space=pause  c=restart  q=quit              ==HT.D8
q011010100010100010100010000010100000100010100010000010000010100000100010100000h
Q/0R/VRR01VLR1LrVLR1LrVLr1LrVLR1Lr1LR1LrVLR1LrVLr1LrVLr1LrVLR1Lr1LR1LrVLR1Lr1LRH
Q../R..RRVLR/RLRLRLrLRLrLRLRLRLRLrLRLRLRLRLrLRLrLRLRLrLRLRLRLrLrLRLRLRLRLrLrLRLH
Q....R..RRLRV1VV0V1VV11VVVVVVVVV1VVVVVVVVV11V11VVVVV1VVVVVVV1V1VVVVVVVVV1V1VVVVH
Q.....R..RR/rR.1./../LR........LR........Lr.//.....LR....../.LR........LR/.....H
Q......R..RRrr0rR../L..R......L..R......L/.r/.....L..R..../.L..R......L./R.....H
Q.......R..RR.LRrR/L.0..R....L....R....L/.//R....L....R../.L....R....L./..R....H
Q........R..RR.00/0LR..L.R..L......R..L/.//..R..L......R/.L......R..L./....R..LH
Q.........R..RR./00RLLL...RL........RL/.//....RL......./RL........RL./......RL.H
Q..........R..RR../00RLVVVV0VVVVVVVVV1V11VVVVVVVVVVVVV1VVVVVVVVVVVVV1VVVVVVVVVVH
Q...........R..RR.../00R.111R......././LR............LR............LR..........H
Q............R..RR..../00R...R....././L..R..........L..R..........L..R.........H
Q.............R..RR...../00R..R..././L....R........L....R........L....R........H
Q..............R..RR....../00R.R././L......R......L......R......L......R......LH
Q...............R..RR......./00Rr./L........R....L........R....L........R....L.H
Q................R..RR......../00/L.0........R..L..........R..L..........R..L..H
Q.................R..RR........./00R.00R......RL............RL............RL...H
Q..................R..RR........../00RVLVVVVVVV0VVVVVVVVVVVVVVVVVVVVVVVVVVVVVVVH
Q...................R..RR.........../00rVV111111R..............................H
Q....................R..RR............/00rV1LR01L..............................H
Q.....................R..RR............./00r0RrR...............................H
Q......................R..RR............../000000..............................H
________________________________________________________________________________
