Score: 0 Steps: 1 0% Prime machines  w/s choose  e run  q back             ==ZT5





                          P R I M E S .

                         |x| Eratosthenes
                         | | Bands
                         | | Counters
                         | | Packed
                         | | Fischer 1965
                         | | Umeo 2015
                         | |
                         | | Back








